node.exe : npm warn Unknown env config "devdir". This will stop working in the next major version of npm. See `npm 
help npmrc` for supported config options.
At line:1 char:1
+ & "C:\Program Files\nodejs/node.exe" "C:\Program Files\nodejs/node_mo ...
+ ~~~~~~~~~~~~~~~~~~~~~~~~~~~~~~~~~~~~~~~~~~~~~~~~~~~~~~~~~~~~~~~~~~~~~
    + CategoryInfo          : NotSpecified: (npm warn Unknow...config options.:String) [], RemoteException
    + FullyQualifiedErrorId : NativeCommandError
 
Γû▓ Next.js 16.2.6 (Turbopack)
- Environments: .env.local

  Creating an optimized production build ...
Γ£ô Compiled successfully in 6.6s
  Running TypeScript ...
  Finished TypeScript in 5.3s ...
  Collecting page data using 11 workers ...
  Generating static pages using 11 workers (0/44) ...
  Generating static pages using 11 workers (11/44) 
  Generating static pages using 11 workers (22/44) 
The width(-1) and height(-1) of chart should be greater than 0,
       please check the style of container, or the props width(100%) and height(100%),
       or add a minWidth(0) or minHeight(undefined) or use aspect(undefined) to control the
       height and width.
The width(-1) and height(-1) of chart should be greater than 0,
       please check the style of container, or the props width(100%) and height(100%),
       or add a minWidth(0) or minHeight(undefined) or use aspect(undefined) to control the
       height and width.
  Generating static pages using 11 workers (33/44) 
Γ£ô Generating static pages using 11 workers (44/44) in 842ms
  Finalizing page optimization ...

Route (app)
Γöî Γùï /
Γö£ Γùï /_not-found
Γö£ Γùï /admin
Γö£ Γùï /admin/allergy-review
Γö£ Γùï /analytics
Γö£ Γùï /cafeteria
Γö£ Γùï /cafeteria/activity
Γö£ Γùï /cafeteria/agreement
Γö£ Γùï /cafeteria/financial
Γö£ Γùï /cafeteria/history
Γö£ Γùï /cafeteria/incidents
Γö£ Γùï /cafeteria/inventory
Γö£ Γùï /cafeteria/live-monitor
Γö£ Γùï /cafeteria/menu
Γö£ Γùï /cafeteria/notifications
Γö£ Γùï /cafeteria/parent-portal
Γö£ Γùï /cafeteria/performance
Γö£ Γùï /cafeteria/predictive-insights
Γö£ Γùï /cafeteria/scan
Γö£ Γùï /cafeteria/smart-alerts
Γö£ Γùï /cafeteria/staffing
Γö£ Γùï /cafeteria/students
Γö£ Γùï /cafeteria/tasks
Γö£ Γùï /cafeteria/temperature
Γö£ Γùï /cafeteria/waste
Γö£ Γùï /inventory
Γö£ Γùï /login/admin
Γö£ Γùï /login/cashier
Γö£ Γùï /login/parent
Γö£ Γùï /ops
Γö£ Γùï /parent
Γö£ Γùï /parent/add-funds
Γö£ Γùï /parent/alerts
Γö£ Γùï /parent/help
Γö£ Γùï /parent/meal-history
Γö£ Γùï /parent/payment-methods
Γö£ Γùï /parent/settings
Γö£ Γùï /parent/student-profile
Γö£ ╞Æ /parent/student-profile/[studentId]
Γö£ Γùï /parent/students
Γö£ Γùï /parent/transactions
Γö£ Γùï /scan
Γöö Γùï /transactions


Γùï  (Static)   prerendered as static content
╞Æ  (Dynamic)  server-rendered on demand

